// Jest Snapshot v1, https://goo.gl/fbAQLP

exports[`should render users list component correctly 1`] = `ShallowWrapper {}`;
