// Jest Snapshot v1, https://goo.gl/fbAQLP

exports[`should render hobbies table component correctly 1`] = `ShallowWrapper {}`;
